<?xml version="1.0" encoding="UTF-8"?>
<TestRun id="2449a2fc-44ba-4698-a2eb-845b473228dd" name="MyAdmin@ADMIN-PC 2015-02-05 17:51:52" runUser="Admin-PC\MyAdmin" xmlns="http://microsoft.com/schemas/VisualStudio/TeamTest/2010">
  <TestSettings name="Local" id="b0531dc7-c97c-4864-b24e-f24e1e87103f">
    <Description>These are default test settings for a local test run.</Description>
    <Deployment enabled="false" runDeploymentRoot="MyAdmin_ADMIN-PC 2015-02-05 17_51_52" />
    <Execution>
      <TestTypeSpecific />
      <AgentRule name="Execution Agents">
      </AgentRule>
    </Execution>
  </TestSettings>
  <Times creation="2015-02-05T17:51:52.1413391+05:00" queuing="2015-02-05T17:52:04.2300305+05:00" start="2015-02-05T17:52:04.5720501+05:00" finish="2015-02-05T17:52:08.2192587+05:00" />
  <ResultSummary outcome="Completed">
    <Counters total="2" executed="2" passed="2" error="0" failed="0" timeout="0" aborted="0" inconclusive="0" passedButRunAborted="0" notRunnable="0" notExecuted="0" disconnected="0" warning="0" completed="0" inProgress="0" pending="0" />
  </ResultSummary>
  <TestDefinitions>
    <UnitTest name="TestMethod1" storage="c:\users\myadmin\documents\visual studio 2010\projects\customtdd\testproject1\bin\debug\testproject1.dll" id="59863143-3238-122e-4d8a-637b491cc755">
      <Execution id="b049a0f6-bf0b-4f8b-9b60-07b6dde473e3" />
      <TestMethod codeBase="c:/users/myadmin/documents/visual studio 2010/Projects/CustomTDD/TestProject1/bin/Debug/TestProject1.DLL" adapterTypeName="Microsoft.VisualStudio.TestTools.TestTypes.Unit.UnitTestAdapter, Microsoft.VisualStudio.QualityTools.Tips.UnitTest.Adapter, Version=10.0.0.0, Culture=neutral, PublicKeyToken=b03f5f7f11d50a3a" className="TestProject1.UnitTest1, TestProject1, Version=1.0.0.0, Culture=neutral, PublicKeyToken=null" name="TestMethod1" />
    </UnitTest>
    <UnitTest name="TestMethod2" storage="c:\users\myadmin\documents\visual studio 2010\projects\customtdd\testproject1\bin\debug\testproject1.dll" id="9381223e-8095-9777-a0c7-26043045171c">
      <Execution id="78e019bc-ff7e-4a80-af4a-e19d95504d9b" />
      <TestMethod codeBase="c:/users/myadmin/documents/visual studio 2010/Projects/CustomTDD/TestProject1/bin/Debug/TestProject1.DLL" adapterTypeName="Microsoft.VisualStudio.TestTools.TestTypes.Unit.UnitTestAdapter, Microsoft.VisualStudio.QualityTools.Tips.UnitTest.Adapter, Version=10.0.0.0, Culture=neutral, PublicKeyToken=b03f5f7f11d50a3a" className="TestProject1.UnitTest1, TestProject1, Version=1.0.0.0, Culture=neutral, PublicKeyToken=null" name="TestMethod2" />
    </UnitTest>
  </TestDefinitions>
  <TestLists>
    <TestList name="Results Not in a List" id="8c84fa94-04c1-424b-9868-57a2d4851a1d" />
    <TestList name="All Loaded Results" id="19431567-8539-422a-85d7-44ee4e166bda" />
  </TestLists>
  <TestEntries>
    <TestEntry testId="59863143-3238-122e-4d8a-637b491cc755" executionId="b049a0f6-bf0b-4f8b-9b60-07b6dde473e3" testListId="8c84fa94-04c1-424b-9868-57a2d4851a1d" />
    <TestEntry testId="9381223e-8095-9777-a0c7-26043045171c" executionId="78e019bc-ff7e-4a80-af4a-e19d95504d9b" testListId="8c84fa94-04c1-424b-9868-57a2d4851a1d" />
  </TestEntries>
  <Results>
    <UnitTestResult executionId="b049a0f6-bf0b-4f8b-9b60-07b6dde473e3" testId="59863143-3238-122e-4d8a-637b491cc755" testName="TestMethod1" computerName="ADMIN-PC" duration="00:00:00.0412407" startTime="2015-02-05T17:52:04.9150697+05:00" endTime="2015-02-05T17:52:07.8282363+05:00" testType="13cdc9d9-ddb5-4fa4-a97d-d965ccfc6d4b" outcome="Passed" testListId="8c84fa94-04c1-424b-9868-57a2d4851a1d" relativeResultsDirectory="b049a0f6-bf0b-4f8b-9b60-07b6dde473e3">
    </UnitTestResult>
    <UnitTestResult executionId="78e019bc-ff7e-4a80-af4a-e19d95504d9b" testId="9381223e-8095-9777-a0c7-26043045171c" testName="TestMethod2" computerName="ADMIN-PC" duration="00:00:00.0004372" startTime="2015-02-05T17:52:07.8892398+05:00" endTime="2015-02-05T17:52:07.9162413+05:00" testType="13cdc9d9-ddb5-4fa4-a97d-d965ccfc6d4b" outcome="Passed" testListId="8c84fa94-04c1-424b-9868-57a2d4851a1d" relativeResultsDirectory="78e019bc-ff7e-4a80-af4a-e19d95504d9b">
    </UnitTestResult>
  </Results>
</TestRun>